Hello from test_write.js